Hi! It is my first project with git.

Инициализация локального репозитория из git bush:

Eduard_Sardyka@EPBYMINW8126 MINGW64 /d/git-projects/project1
$ git init
Initialized empty Git repository in D:/git-projects/project1/.git/

Создание имени владельца репозитория:

Eduard_Sardyka@EPBYMINW8126 MINGW64 /d/git-projects/project1 (master)
$ git config --global user.name "Eduard"

Создание e-mile владельца репозитория:

Eduard_Sardyka@EPBYMINW8126 MINGW64 /d/git-projects/project1 (master)
$ git config --global user.email eds832@gmail.com

Eduard_Sardyka@EPBYMINW8126 MINGW64 /d/git-projects/project1 (master)

Просмотр всех настроек репозитория:

$ git config --list
core.symlinks=false
core.autocrlf=true
core.fscache=true
color.diff=auto
color.status=auto
color.branch=auto
color.interactive=true
help.format=html
rebase.autosquash=true
http.sslcainfo=C:/Program Files (x86)/Git/mingw64/ssl/certs/ca-bundle.crt
http.sslbackend=openssl
diff.astextplain.textconv=astextplain
filter.lfs.clean=git-lfs clean -- %f
filter.lfs.smudge=git-lfs smudge -- %f
filter.lfs.process=git-lfs filter-process
filter.lfs.required=true
credential.helper=manager
user.name=Eduard
user.email=eds832@gmail.com
gui.recentrepo=C:/Users/Eduard_Sardyka/git/21m06
core.repositoryformatversion=0
core.filemode=false
core.bare=false
core.logallrefupdates=true
core.symlinks=false
core.ignorecase=true

Переход в папку docs:

$ cd docs

Eduard_Sardyka@EPBYMINW8126 MINGW64 /d/git-projects/project1/docs (master)

Просмотр содержимого папки docs:

$ git status
On branch master

No commits yet

Untracked files:
  (use "git add <file>..." to include in what will be committed)

        ../.gitignore
        ../FirstText.txt
        ./

nothing added to commit but untracked files present (use "git add" to track)

Eduard_Sardyka@EPBYMINW8126 MINGW64 /d/git-projects/project1 (master)
$

Просмотр не включенных файлов в гит-проект:

$ git status --untracked-files=all
On branch master

No commits yet

Untracked files:
  (use "git add <file>..." to include in what will be committed)

        ../.gitignore
        ../FirstText.txt
        DocToNotIgnore.log
        DocToNotIgnore1.log

nothing added to commit but untracked files present (use "git add" to track)

Eduard_Sardyka@EPBYMINW8126 MINGW64 /d/git-projects/project1/docs (master)


Eduard_Sardyka@EPBYMINW8126 MINGW64 /d/git-projects/project1/docs (master)
$
Добавление файлов в git-project:
Смотрим до добавления:
Eduard_Sardyka@EPBYMINW8126 MINGW64 /d/git-projects/project1 (master)
$ git status
On branch master

No commits yet

Untracked files:
  (use "git add <file>..." to include in what will be committed)

        .gitignore
        FirstText.txt
        docs/

nothing added to commit but untracked files present (use "git add" to track)

Eduard_Sardyka@EPBYMINW8126 MINGW64 /d/git-projects/project1 (master)

Добавляем:

$ git add .

Eduard_Sardyka@EPBYMINW8126 MINGW64 /d/git-projects/project1 (master)

Смотрим после добавления:

$ git status
On branch master

No commits yet

Changes to be committed:
  (use "git rm --cached <file>..." to unstage)

        new file:   .gitignore
        new file:   FirstText.txt
        new file:   docs/DocToNotIgnore.log
        new file:   docs/DocToNotIgnore1.log


Eduard_Sardyka@EPBYMINW8126 MINGW64 /d/git-projects/project1 (master)


Eduard_Sardyka@EPBYMINW8126 MINGW64 /d/git-projects/project1 (master)
$

Удаление из-под присмотра Гита файла:

$ git rm --cached docs/DocToNotIgnore1.log
rm 'docs/DocToNotIgnore1.log'

Eduard_Sardyka@EPBYMINW8126 MINGW64 /d/git-projects/project1 (master)

Смотрим новый гит статус(содержимое проекта для Гита):

$ git status
On branch master

No commits yet

Changes to be committed:
  (use "git rm --cached <file>..." to unstage)

        new file:   .gitignore
        new file:   FirstText.txt
        new file:   docs/DocToNotIgnore.log

Changes not staged for commit:
  (use "git add <file>..." to update what will be committed)
  (use "git checkout -- <file>..." to discard changes in working directory)

        modified:   FirstText.txt

Untracked files:
  (use "git add <file>..." to include in what will be committed)

        docs/DocToNotIgnore1.log


Eduard_Sardyka@EPBYMINW8126 MINGW64 /d/git-projects/project1 (master)

