Hi! It is my first project with git.

Инициализация локального репозитория из git bush:

Eduard_Sardyka@EPBYMINW8126 MINGW64 /d/git-projects/project1
$ git init
Initialized empty Git repository in D:/git-projects/project1/.git/

Создание имени владельца репозитория:

Eduard_Sardyka@EPBYMINW8126 MINGW64 /d/git-projects/project1 (master)
$ git config --global user.name "Eduard"

Создание e-mile владельца репозитория:

Eduard_Sardyka@EPBYMINW8126 MINGW64 /d/git-projects/project1 (master)
$ git config --global user.email eds832@gmail.com

Eduard_Sardyka@EPBYMINW8126 MINGW64 /d/git-projects/project1 (master)

Просмотр всех настроек репозитория:

$ git config --list
core.symlinks=false
core.autocrlf=true
core.fscache=true
color.diff=auto
color.status=auto
color.branch=auto
color.interactive=true
help.format=html
rebase.autosquash=true
http.sslcainfo=C:/Program Files (x86)/Git/mingw64/ssl/certs/ca-bundle.crt
http.sslbackend=openssl
diff.astextplain.textconv=astextplain
filter.lfs.clean=git-lfs clean -- %f
filter.lfs.smudge=git-lfs smudge -- %f
filter.lfs.process=git-lfs filter-process
filter.lfs.required=true
credential.helper=manager
user.name=Eduard
user.email=eds832@gmail.com
gui.recentrepo=C:/Users/Eduard_Sardyka/git/21m06
core.repositoryformatversion=0
core.filemode=false
core.bare=false
core.logallrefupdates=true
core.symlinks=false
core.ignorecase=true

Переход в папку docs:

$ cd docs

Eduard_Sardyka@EPBYMINW8126 MINGW64 /d/git-projects/project1/docs (master)

Просмотр содержимого папки docs:

$ git status
On branch master

No commits yet

Untracked files:
  (use "git add <file>..." to include in what will be committed)

        ../.gitignore
        ../FirstText.txt
        ./

nothing added to commit but untracked files present (use "git add" to track)

Eduard_Sardyka@EPBYMINW8126 MINGW64 /d/git-projects/project1 (master)
$

Просмотр не включенных файлов в гит-проект:

$ git status --untracked-files=all
On branch master

No commits yet

Untracked files:
  (use "git add <file>..." to include in what will be committed)

        ../.gitignore
        ../FirstText.txt
        DocToNotIgnore.log
        DocToNotIgnore1.log

nothing added to commit but untracked files present (use "git add" to track)

Eduard_Sardyka@EPBYMINW8126 MINGW64 /d/git-projects/project1/docs (master)


Eduard_Sardyka@EPBYMINW8126 MINGW64 /d/git-projects/project1/docs (master)
$
Добавление файлов в git-project:
Смотрим до добавления:
Eduard_Sardyka@EPBYMINW8126 MINGW64 /d/git-projects/project1 (master)
$ git status
On branch master

No commits yet

Untracked files:
  (use "git add <file>..." to include in what will be committed)

        .gitignore
        FirstText.txt
        docs/

nothing added to commit but untracked files present (use "git add" to track)

Eduard_Sardyka@EPBYMINW8126 MINGW64 /d/git-projects/project1 (master)

Добавляем все файлы:

$ git add .

Eduard_Sardyka@EPBYMINW8126 MINGW64 /d/git-projects/project1 (master)

Смотрим после добавления:

$ git status
On branch master

No commits yet

Changes to be committed:
  (use "git rm --cached <file>..." to unstage)

        new file:   .gitignore
        new file:   FirstText.txt
        new file:   docs/DocToNotIgnore.log
        new file:   docs/DocToNotIgnore1.log


Eduard_Sardyka@EPBYMINW8126 MINGW64 /d/git-projects/project1 (master)


Eduard_Sardyka@EPBYMINW8126 MINGW64 /d/git-projects/project1 (master)
$

Удаление из-под присмотра Гита файла:

$ git rm --cached docs/DocToNotIgnore1.log
rm 'docs/DocToNotIgnore1.log'

Eduard_Sardyka@EPBYMINW8126 MINGW64 /d/git-projects/project1 (master)

Смотрим новый гит статус(содержимое проекта для Гита):

$ git status
On branch master

No commits yet

Changes to be committed:
  (use "git rm --cached <file>..." to unstage)

        new file:   .gitignore
        new file:   FirstText.txt
        new file:   docs/DocToNotIgnore.log

Changes not staged for commit:
  (use "git add <file>..." to update what will be committed)
  (use "git checkout -- <file>..." to discard changes in working directory)

        modified:   FirstText.txt

Untracked files:
  (use "git add <file>..." to include in what will be committed)

        docs/DocToNotIgnore1.log


Eduard_Sardyka@EPBYMINW8126 MINGW64 /d/git-projects/project1 (master)

Коммитим наш репозиторий (-а - создает индексы, -m - создает комментарий):

$ git commit -a -m"This is initial commit"
[master (root-commit) 52ae322] This is initial commit
 3 files changed, 188 insertions(+)
 create mode 100644 .gitignore
 create mode 100644 FirstText.txt
 create mode 100644 docs/DocToNotIgnore.log

Eduard_Sardyka@EPBYMINW8126 MINGW64 /d/git-projects/project1 (master)

Просмотрим:

$ git status
On branch master
Untracked files:
  (use "git add <file>..." to include in what will be committed)

        docs/DocToNotIgnore1.log

nothing added to commit but untracked files present (use "git add" to track)

Eduard_Sardyka@EPBYMINW8126 MINGW64 /d/git-projects/project1 (master)

После сохранения изменений в файле FirstText.txt это видно в гит статусе:

$ git status
On branch master
Changes not staged for commit:
  (use "git add <file>..." to update what will be committed)
  (use "git checkout -- <file>..." to discard changes in working directory)

        modified:   FirstText.txt

Untracked files:
  (use "git add <file>..." to include in what will be committed)

        docs/DocToNotIgnore1.log

no changes added to commit (use "git add" and/or "git commit -a")

Добавляем новый файл:

$ git add docs/DocToNotIgnore1.log

Eduard_Sardyka@EPBYMINW8126 MINGW64 /d/git-projects/project1 (master)

Смотрим статус гита:

$ git status
On branch master
Changes to be committed:
  (use "git reset HEAD <file>..." to unstage)

        new file:   docs/DocToNotIgnore1.log

Changes not staged for commit:
  (use "git add <file>..." to update what will be committed)
  (use "git checkout -- <file>..." to discard changes in working directory)

        modified:   FirstText.txt


Eduard_Sardyka@EPBYMINW8126 MINGW64 /d/git-projects/project1 (master)

Видим, что добавился долько один файл - он был проиндексирован раннее. 
Чтобы добавить другой - его необходимо также проиндексировать.

Добавление все файлы:

$ git add .

Eduard_Sardyka@EPBYMINW8126 MINGW64 /d/git-projects/project1 (master)
$ git status
On branch master
Changes to be committed:
  (use "git reset HEAD <file>..." to unstage)

        modified:   FirstText.txt
        new file:   docs/DocToNotIgnore1.log


Eduard_Sardyka@EPBYMINW8126 MINGW64 /d/git-projects/project1 (master)

Коммитим:

$ git commit -m"I commit my last modification"
[master 6ffb7b2] I commit my last modification
 2 files changed, 71 insertions(+), 1 deletion(-)
 create mode 100644 docs/DocToNotIgnore1.log
 
 После внесения изменений в файл FirstText.txt гит статус:
 
 $ git status
On branch master
Changes not staged for commit:
  (use "git add <file>..." to update what will be committed)
  (use "git checkout -- <file>..." to discard changes in working directory)

        modified:   FirstText.txt

no changes added to commit (use "git add" and/or "git commit -a")

Eduard_Sardyka@EPBYMINW8126 MINGW64 /d/git-projects/project1 (master)

Пробуем откатиться до предыдущего состояния:

$ git checkout -- FirstText.txt

Eduard_Sardyka@EPBYMINW8126 MINGW64 /d/git-projects/project1 (master)

Просмотрим гит статус:

$ git status
On branch master
nothing to commit, working tree clean

Просмотр лога коммитов (если оно очень длинное то выход клавишей Q):

$ git log
commit ced9217e430a4f4a995cb840bd22d6f3c5133cbd (HEAD -> master)
Author: Eduard <eds832@gmail.com>
Date:   Mon Nov 20 15:48:28 2017 +0300

    I commit last changes

commit 42a9cb5a6c482e8838699e6c03da8ab7edb6816d
Author: Eduard <eds832@gmail.com>
Date:   Mon Nov 20 15:41:27 2017 +0300

    I commit my last changes

commit 6ffb7b2f3d5ade5bf8af7246bd7ef18fb1e15ae3
Author: Eduard <eds832@gmail.com>
Date:   Mon Nov 20 15:38:44 2017 +0300

    I commit my last modification

commit 52ae322a3a25b3ec81ffa7ab486c495fc8ccd389
Author: Eduard <eds832@gmail.com>
Date:   Mon Nov 20 15:11:09 2017 +0300

    This is initial commit

Просмотр помощи по команде лога (Откроется окно браузера с подсказками):

$ git help log

Просмотр более кратких логов (%h - краткий код коммита, %ar - время коммита, %s - текст коммита):

$ git log --pretty=format:"%h - %an, %ar : %s"
ced9217 - Eduard, 15 minutes ago : I commit last changes
42a9cb5 - Eduard, 22 minutes ago : I commit my last changes
6ffb7b2 - Eduard, 25 minutes ago : I commit my last modification
52ae322 - Eduard, 52 minutes ago : This is initial commit

Просмотр коммитов за последние 20мин:

$ git log --since=20minute
commit ced9217e430a4f4a995cb840bd22d6f3c5133cbd (HEAD -> master)
Author: Eduard <eds832@gmail.com>
Date:   Mon Nov 20 15:48:28 2017 +0300

    I commit last changes

Аналогично: --since=1hour, $ git log --since=2.weeks, $ git log --since=2week

Занесем несколько букв для проверки

Затем коммитим ($ git add .  $ git commit -m"Comment") 

Добавим еще пару букв

Затем коммитим ($ git add .  $ git commit -m"Comment") 

Просмотр изменеий в последних 2 коммитах:

$ git log -p -2
commit 6f093569086a7c8ed540293af5d8f681a5856ffc (HEAD -> master)
Author: Eduard <eds832@gmail.com>
Date:   Mon Nov 20 16:20:21 2017 +0300

    I commit last words

diff --git a/FirstText.txt b/FirstText.txt
index c22040d..0eb0d0c 100644
--- a/FirstText.txt
+++ b/FirstText.txt
@@ -346,6 +346,8 @@ Date:   Mon Nov 20 15:48:28 2017 +0300

 Занесем несколько букв для проверки

+Добавим еще пару букв
+




commit eed0323c32c9559a8eb27d6d5a132b037ffe3e7e
Author: Eduard <eds832@gmail.com>
Date:   Mon Nov 20 16:19:24 2017 +0300

    I commit some letters

diff --git a/FirstText.txt b/FirstText.txt
index da6b7de..c22040d 100644
--- a/FirstText.txt
+++ b/FirstText.txt
@@ -344,6 +344,8 @@ Date:   Mon Nov 20 15:48:28 2017 +0300

 Аналогично: --since=1hour, $ git log --since=2.weeks, $ git log --since=2week

+Занесем несколько букв для проверки
+

Добавим новый редактор для коммитов:
$ git config --global core.editor "'C:\ProgramData\Microsoft\Windows\Start menu\Programs\Notepad++\Notepad++.exe -nultiInst -notabbar -nosession -noPlugin"    
Внесем измения в этот документ и проверим:




 
 

