Hi! It is my first project with git.

Инициализация локального репозитория из git bush:

Eduard_Sardyka@EPBYMINW8126 MINGW64 /d/git-projects/project1
$ git init
Initialized empty Git repository in D:/git-projects/project1/.git/

Создание имени владельца репозитория:

Eduard_Sardyka@EPBYMINW8126 MINGW64 /d/git-projects/project1 (master)
$ git config --global user.name "Eduard"

Создание e-mile владельца репозитория:

Eduard_Sardyka@EPBYMINW8126 MINGW64 /d/git-projects/project1 (master)
$ git config --global user.email eds832@gmail.com

Eduard_Sardyka@EPBYMINW8126 MINGW64 /d/git-projects/project1 (master)

Просмотр всех настроек репозитория:

$ git config --list
core.symlinks=false
core.autocrlf=true
core.fscache=true
color.diff=auto
color.status=auto
color.branch=auto
color.interactive=true
help.format=html
rebase.autosquash=true
http.sslcainfo=C:/Program Files (x86)/Git/mingw64/ssl/certs/ca-bundle.crt
http.sslbackend=openssl
diff.astextplain.textconv=astextplain
filter.lfs.clean=git-lfs clean -- %f
filter.lfs.smudge=git-lfs smudge -- %f
filter.lfs.process=git-lfs filter-process
filter.lfs.required=true
credential.helper=manager
user.name=Eduard
user.email=eds832@gmail.com
gui.recentrepo=C:/Users/Eduard_Sardyka/git/21m06
core.repositoryformatversion=0
core.filemode=false
core.bare=false
core.logallrefupdates=true
core.symlinks=false
core.ignorecase=true

Переход в папку docs:

$ cd docs

Eduard_Sardyka@EPBYMINW8126 MINGW64 /d/git-projects/project1/docs (master)

Просмотр содержимого папки docs:

$ git status
On branch master

No commits yet

Untracked files:
  (use "git add <file>..." to include in what will be committed)

        ../.gitignore
        ../FirstText.txt
        ./

nothing added to commit but untracked files present (use "git add" to track)

Eduard_Sardyka@EPBYMINW8126 MINGW64 /d/git-projects/project1 (master)
$

Просмотр не включенных файлов в гит-проект:

$ git status --untracked-files=all
On branch master

No commits yet

Untracked files:
  (use "git add <file>..." to include in what will be committed)

        ../.gitignore
        ../FirstText.txt
        DocToNotIgnore.log
        DocToNotIgnore1.log

nothing added to commit but untracked files present (use "git add" to track)

Eduard_Sardyka@EPBYMINW8126 MINGW64 /d/git-projects/project1/docs (master)


Eduard_Sardyka@EPBYMINW8126 MINGW64 /d/git-projects/project1/docs (master)
$
Добавление файлов в git-project:
Смотрим до добавления:
Eduard_Sardyka@EPBYMINW8126 MINGW64 /d/git-projects/project1 (master)
$ git status
On branch master

No commits yet

Untracked files:
  (use "git add <file>..." to include in what will be committed)

        .gitignore
        FirstText.txt
        docs/

nothing added to commit but untracked files present (use "git add" to track)

Eduard_Sardyka@EPBYMINW8126 MINGW64 /d/git-projects/project1 (master)

Добавляем все файлы:

$ git add .

Eduard_Sardyka@EPBYMINW8126 MINGW64 /d/git-projects/project1 (master)

Смотрим после добавления:

$ git status
On branch master

No commits yet

Changes to be committed:
  (use "git rm --cached <file>..." to unstage)

        new file:   .gitignore
        new file:   FirstText.txt
        new file:   docs/DocToNotIgnore.log
        new file:   docs/DocToNotIgnore1.log


Eduard_Sardyka@EPBYMINW8126 MINGW64 /d/git-projects/project1 (master)


Eduard_Sardyka@EPBYMINW8126 MINGW64 /d/git-projects/project1 (master)
$

Удаление из-под присмотра Гита файла:

$ git rm --cached docs/DocToNotIgnore1.log
rm 'docs/DocToNotIgnore1.log'

Eduard_Sardyka@EPBYMINW8126 MINGW64 /d/git-projects/project1 (master)

Смотрим новый гит статус(содержимое проекта для Гита):

$ git status
On branch master

No commits yet

Changes to be committed:
  (use "git rm --cached <file>..." to unstage)

        new file:   .gitignore
        new file:   FirstText.txt
        new file:   docs/DocToNotIgnore.log

Changes not staged for commit:
  (use "git add <file>..." to update what will be committed)
  (use "git checkout -- <file>..." to discard changes in working directory)

        modified:   FirstText.txt

Untracked files:
  (use "git add <file>..." to include in what will be committed)

        docs/DocToNotIgnore1.log


Eduard_Sardyka@EPBYMINW8126 MINGW64 /d/git-projects/project1 (master)

Коммитим наш репозиторий (-а - создает индексы, -m - создает комментарий):

$ git commit -a -m"This is initial commit"
[master (root-commit) 52ae322] This is initial commit
 3 files changed, 188 insertions(+)
 create mode 100644 .gitignore
 create mode 100644 FirstText.txt
 create mode 100644 docs/DocToNotIgnore.log

Eduard_Sardyka@EPBYMINW8126 MINGW64 /d/git-projects/project1 (master)

Просмотрим:

$ git status
On branch master
Untracked files:
  (use "git add <file>..." to include in what will be committed)

        docs/DocToNotIgnore1.log

nothing added to commit but untracked files present (use "git add" to track)

Eduard_Sardyka@EPBYMINW8126 MINGW64 /d/git-projects/project1 (master)

После сохранения изменений в файле FirstText.txt это видно в гит статусе:

$ git status
On branch master
Changes not staged for commit:
  (use "git add <file>..." to update what will be committed)
  (use "git checkout -- <file>..." to discard changes in working directory)

        modified:   FirstText.txt

Untracked files:
  (use "git add <file>..." to include in what will be committed)

        docs/DocToNotIgnore1.log

no changes added to commit (use "git add" and/or "git commit -a")

Добавляем новый файл:

$ git add docs/DocToNotIgnore1.log

Eduard_Sardyka@EPBYMINW8126 MINGW64 /d/git-projects/project1 (master)

Смотрим статус гита:

$ git status
On branch master
Changes to be committed:
  (use "git reset HEAD <file>..." to unstage)

        new file:   docs/DocToNotIgnore1.log

Changes not staged for commit:
  (use "git add <file>..." to update what will be committed)
  (use "git checkout -- <file>..." to discard changes in working directory)

        modified:   FirstText.txt


Eduard_Sardyka@EPBYMINW8126 MINGW64 /d/git-projects/project1 (master)

Видим, что добавился долько один файл - он был проиндексирован раннее. 
Чтобы добавить другой - его необходимо также проиндексировать.

Добавление всех:

$ git add .

Eduard_Sardyka@EPBYMINW8126 MINGW64 /d/git-projects/project1 (master)
$ git status
On branch master
Changes to be committed:
  (use "git reset HEAD <file>..." to unstage)

        modified:   FirstText.txt
        new file:   docs/DocToNotIgnore1.log


Eduard_Sardyka@EPBYMINW8126 MINGW64 /d/git-projects/project1 (master)

Коммитим:

$ git commit -m"I commit my last modification"
[master 6ffb7b2] I commit my last modification
 2 files changed, 71 insertions(+), 1 deletion(-)
 create mode 100644 docs/DocToNotIgnore1.log

